// Jest Snapshot v1, https://goo.gl/fbAQLP

exports[`total price component it renders correctly 1`] = `

<div class="price">
  Total: â‚¬ 2,244.05
</div>

`;
